JAX devices: [CudaDevice(id=0)]
================================================================================
SCALING INVARIANCE STUDY
Fixed-indegree connectivity across network sizes
================================================================================
Sizes: 450n, 1800n, 4500n, 15000n, 45000n
Simulation: 24000 steps (600ms), burn-in 4000 steps
================================================================================

================================================================================
  450n: 100 STN / 200 GPe / 150 GPi (450 total)
================================================================================
  Building network... 3.0s
    Running Healthy... JIT 5.7s, run 1.420s, STN=24.6Hz GPe=62.2Hz GPi=82.3Hz beta=0.7%
    Running PD... JIT 1.4s, run 1.420s, STN=31.3Hz GPe=47.0Hz GPi=71.7Hz beta=32.4%

================================================================================
  1800n: 400 STN / 800 GPe / 600 GPi (1800 total)
================================================================================
  Building network... 6.0s
    Running Healthy... JIT 5.7s, run 1.486s, STN=25.4Hz GPe=62.3Hz GPi=82.1Hz beta=0.4%
    Running PD... JIT 1.5s, run 1.486s, STN=31.3Hz GPe=47.0Hz GPi=71.6Hz beta=46.1%

================================================================================
  4500n: 1000 STN / 2000 GPe / 1500 GPi (4500 total)
================================================================================
  Building network... 13.6s
    Running Healthy... JIT 5.8s, run 1.570s, STN=25.8Hz GPe=62.3Hz GPi=82.0Hz beta=0.5%
    Running PD... JIT 1.6s, run 1.570s, STN=31.2Hz GPe=47.1Hz GPi=71.3Hz beta=49.0%

================================================================================
  15000n: 3334 STN / 6666 GPe / 5000 GPi (15000 total)
================================================================================
  Building network... 42.7s
    Running Healthy... JIT 7.0s, run 2.014s, STN=26.0Hz GPe=62.3Hz GPi=82.2Hz beta=0.0%
    Running PD... JIT 2.0s, run 2.015s, STN=31.3Hz GPe=47.1Hz GPi=71.4Hz beta=48.3%

================================================================================
  45000n: 10000 STN / 20000 GPe / 15000 GPi (45000 total)
================================================================================
  Building network... 125.7s
    Running Healthy... JIT 9.9s, run 2.964s, STN=26.2Hz GPe=62.3Hz GPi=82.3Hz beta=0.0%
    Running PD... JIT 3.0s, run 2.963s, STN=31.2Hz GPe=47.1Hz GPi=71.5Hz beta=48.6%


====================================================================================================
RESULTS SUMMARY
====================================================================================================

--- HEALTHY ---
    Size |  STN Hz  GPe Hz  GPi Hz | CV_STN CV_GPe CV_GPi | B_STN% B_GPe% B_GPi% |  JIT(s)  Run(s)
--------------------------------------------------------------------------------------------------
    450n |    24.6    62.2    82.3 |   0.21   0.10   0.19 |    2.9    0.7    0.9 |     5.7   1.420
   1800n |    25.4    62.3    82.1 |   0.21   0.10   0.19 |    0.5    0.4    1.7 |     5.7   1.486
   4500n |    25.8    62.3    82.0 |   0.21   0.09   0.19 |    0.7    0.5    0.0 |     5.8   1.570
  15000n |    26.0    62.3    82.2 |   0.21   0.09   0.19 |    0.3    0.0    1.0 |     7.0   2.014
  45000n |    26.2    62.3    82.3 |   0.21   0.09   0.19 |    0.4    0.0    0.0 |     9.9   2.964

--- PARKINSONIAN ---
    Size |  STN Hz  GPe Hz  GPi Hz | CV_STN CV_GPe CV_GPi | B_STN% B_GPe% B_GPi% |  JIT(s)  Run(s)
--------------------------------------------------------------------------------------------------
    450n |    31.3    47.0    71.7 |   0.13   0.23   0.31 |   45.8   32.4   26.0 |     1.4   1.420
   1800n |    31.3    47.0    71.6 |   0.13   0.23   0.31 |   50.2   46.1    0.0 |     1.5   1.486
   4500n |    31.2    47.1    71.3 |   0.13   0.23   0.31 |   49.7   49.0   44.4 |     1.6   1.570
  15000n |    31.3    47.1    71.4 |   0.14   0.23   0.31 |   49.6   48.3    0.0 |     2.0   2.015
  45000n |    31.2    47.1    71.5 |   0.14   0.23   0.31 |   49.2   48.6    0.0 |     3.0   2.963


--- PAPER TABLE (copy-paste ready) ---
    Size     Cond    STN    GPe    GPi   CV_S   CV_G   CV_I  Beta%
--------------------------------------------------------------------
    450n  Healthy   24.6   62.2   82.3   0.21   0.10   0.19    0.7
    450n       PD   31.3   47.0   71.7   0.13   0.23   0.31   32.4
   1800n  Healthy   25.4   62.3   82.1   0.21   0.10   0.19    0.4
   1800n       PD   31.3   47.0   71.6   0.13   0.23   0.31   46.1
   4500n  Healthy   25.8   62.3   82.0   0.21   0.09   0.19    0.5
   4500n       PD   31.2   47.1   71.3   0.13   0.23   0.31   49.0
  15000n  Healthy   26.0   62.3   82.2   0.21   0.09   0.19    0.0
  15000n       PD   31.3   47.1   71.4   0.14   0.23   0.31   48.3
  45000n  Healthy   26.2   62.3   82.3   0.21   0.09   0.19    0.0
  45000n       PD   31.2   47.1   71.5   0.14   0.23   0.31   48.6

Results saved to results/validation/scaling_study.pkl
