JAX devices: [CudaDevice(id=0)]
Building 45000-neuron network...
Seed-sweep multipliers: PD=loaded, Healthy=loaded
Running healthy simulation...
  Done.
Running PD simulation...
  Done.

Healthy: STN=26.2 GPe=62.3 GPi=82.2 STN beta=0.4%
PD:      STN=31.2 GPe=47.1 GPi=71.5 STN beta=49.2%
Peak STN PSD frequency: PD=29.3 Hz, Healthy=14.6 Hz

Generating figures...
  Fig 1: Raster plots
  Fig 2: Power spectra
  Fig 3: Firing rates + STN beta
  Fig 4: Network schematic
  Fig 5: STN LFP traces
  Fig 8: Scaling invariance
  Supp: Sampler comparison
  Supp: Timestep sensitivity
  Supp: Performance scaling

============================================================
ALL FIGURES GENERATED
============================================================
Main figures:
  fig1_raster_plots          -- Raster: healthy vs PD (45000n, 100 subsampled)
  fig2_power_spectra         -- Welch PSD: STN primary, GPe/GPi also shown
  fig3_firing_rates_beta     -- Bar charts: rates + STN beta
  fig4_network_schematic     -- Synaptic multipliers with PD/healthy ratios
  fig5_lfp_traces            -- STN LFP traces (primary beta metric)
  fig6_statistical_validation -- (generated by run_statistical_validation.py)
  fig7_dbs_effect             -- (generated by run_dbs_simulation.py)
  fig8_scaling_invariance     -- Rates, STN beta, wall time vs network size
Supplementary:
  supp_sampler_comparison    -- CMA-ES vs TPE vs Random
  supp_timestep_sensitivity  -- dt convergence (STN beta primary)
  supp_performance           -- JAX vs NumPy speedup
