JAX devices: [CudaDevice(id=0)]
Building 45000-neuron network...
Warming up JIT...
JIT ready!

============================================================
DBS SIMULATION
============================================================

Running Healthy...
  Time: 3.0s

Running PD (no DBS)...
  Time: 9.9s

Running PD + DBS...
  Time: 9.8s

======================================================================
RESULTS: DBS EFFECT ON PARKINSONIAN NETWORK
======================================================================
Metric                    Healthy     PD (OFF)     PD+DBS (ON)   DBS Change
----------------------------------------------------------------------
STN Rate (Hz)                26.2         31.2            73.2       +134%
GPE Rate (Hz)                62.3         47.1            53.8        +14%
GPI Rate (Hz)                82.2         71.5            82.3        +15%
----------------------------------------------------------------------
>>> PRIMARY BETA METRIC (STN):
STN Beta (%)                  0.3         49.3             0.0      -49.3pp
    (supplementary):
GPe Beta (%)                  0.0          0.0             0.0       +0.0pp
GPi Beta (%)                  0.0          0.0             0.0       +0.0pp

STN beta suppression by DBS: 100%

Saved: results/figures/fig7_dbs_effect.png/pdf
Saved: results/simulations/dbs_results.pkl

DBS simulation complete!
