>>>>> [21:29:05] START B1_scaling
>>>>> [21:34:14] OK B1_scaling
>>>>> [21:34:14] START A2_K_default
>>>>> [21:51:13] OK A2_K_default
>>>>> [21:51:13] START A2_K_low
>>>>> [22:07:42] OK A2_K_low
>>>>> [22:07:42] START A2_K_high
>>>>> [22:25:14] OK A2_K_high
>>>>> [22:25:14] START C1_healthy_seed1
>>>>> [22:33:49] OK C1_healthy_seed1
>>>>> [22:33:49] START C1_healthy_seed7
>>>>> [22:42:23] OK C1_healthy_seed7
>>>>> [22:42:23] START C1_healthy_seed42
>>>>> [22:50:55] OK C1_healthy_seed42
>>>>> [22:50:55] START C1_healthy_seed123
>>>>> [22:59:28] OK C1_healthy_seed123
>>>>> [22:59:28] START C1_healthy_seed2024
>>>>> [23:08:01] OK C1_healthy_seed2024
>>>>> [23:08:01] START B4_healthy_miss
>>>>> [23:08:02] OK B4_healthy_miss
>>>>> [23:08:02] START C2_tau1
>>>>> [23:25:01] OK C2_tau1
>>>>> [23:25:01] START C2_tau5
>>>>> [23:41:58] OK C2_tau5
>>>>> [23:41:58] START C2_tau10
>>>>> [23:58:56] OK C2_tau10
>>>>> [23:58:56] START C2_tau20
>>>>> [00:15:54] OK C2_tau20
>>>>> [00:15:54] START B2_statval
>>>>> [00:44:27] OK B2_statval
>>>>> [00:44:27] START figs_regen
>>>>> [00:47:45] OK figs_regen
>>>>> [00:47:45] START figs_dbs
>>>>> [00:51:27] OK figs_dbs
>>>>> [00:51:27] MASTER RUN COMPLETE
